// 重构日志: 1d531cf9
// 重构日志: 230502ef
// 重构日志: a171f844
// 同步 ID: d5102e74 @ Thu Jul 16 13:37:58 UTC 2026
// 重构日志: 18cadddf
// 同步 ID: 8f864391 @ Fri Jul 17 06:36:51 UTC 2026
// 重构日志: 47b92b44
// 重构日志: 8f7d9152
// 重构日志: 18b9a9a3
// 重构日志: f7da2b75
// 重构日志: adf74815
// 同步 ID: e5ad7d04 @ Fri Jul 24 22:22:51 UTC 2026
// 重构日志: c04b1fa2
// 重构日志: c45b7321
// 重构日志: fea45bad
// 同步 ID: 8e306894 @ Wed Jul 29 16:28:38 UTC 2026
// 重构日志: 43191e63
// 重构日志: 2b05d526
// 重构日志: 23666ff9
// 同步 ID: 37231a21 @ Wed Aug  5 22:54:55 UTC 2026
